{
    "cmsearch": {
        "content": [
            {
                "cmsearch": [
                    "mgtest_merged.fastq.cmsearch_matches.tbl:md5,c68a2c46bc2f30f935c6b1b6f59410e8"
                ]
            }
        ],
        "timestamp": "2023-02-28T14:06:43+0000"
    }
}