{
    "krona": {
        "content": [
            {
                "krona_html": [
                    "krona.html:md5,32b3e1c37308d0fbc96993d527fe9f3c"
                ]
            }
        ],
        "timestamp": "2023-02-28T22:43:06+0000"
    }
}