{
    "mapseq": {
        "content": [
            {
                "mapseq_result": [
                    "test.SSU_silva-SSU.mseq:md5,ccc9d418d533cb4b0966ad46283bcd5b"
                ]
            }
        ],
        "timestamp": "2023-02-28T16:07:42+0000"
    }
}