{
    "Overlap reads count": {
        "content": [
            {
                "overlapped_report": [
                    "output_report.txt:md5,2373ae841302743817122e4bbc3da010"
                ]
            }
        ],
        "timestamp": "2023-03-30T12:59:25+0000"
    }
}