{
    "seqtk fastq to fasta": {
        "content": [
            {
                "sequence": [
                    "mgtest_merged.fasta:md5,c9f9372244986bfecaba2464ecf8feba"
                ]
            }
        ],
        "timestamp": "2023-03-14T15:32:44+0000"
    }
}