bp_count	58741
sequence_count	269
average_length	218.368
standard_deviation_length	43.654
length_min	31
length_max	269
average_gc_content	46.390
standard_deviation_gc_content	11.275
average_gc_ratio	1.283
standard_deviation_gc_ratio	0.553
ambig_char_count	0
ambig_sequence_count	0
average_ambig_chars	0.000
